// Jest Snapshot v1, https://goo.gl/fbAQLP

exports[`BottomWidgetContainer snapshots default 1`] = `<Fragment />`;
