// Jest Snapshot v1, https://goo.gl/fbAQLP

exports[`EmailLink renders a MailtoLink when an address is provided 1`] = `
<MailtoLink
  to="test@email.com"
>
  test@email.com
</MailtoLink>
`;

exports[`EmailLink renders null when no address is provided 1`] = `""`;
