// Jest Snapshot v1, https://goo.gl/fbAQLP

exports[`EmptyCourse snapshot 1`] = `
<div
  className="d-flex align-items-center justify-content-center empty-course-hero"
>
  <Image
    alt="empty course banner"
    src="icon/mock/path"
  />
  <h1>
    <FormattedMessage
      defaultMessage="Looking for a new challenge?"
      description="Prompt user for new challenge"
      id="EmptyCourse.lookingForChallengePrompt"
    />
  </h1>
  <p>
    <FormattedMessage
      defaultMessage="Explore our courses to add them to your dashboard."
      description="Prompt user to explore more courses"
      id="EmptyCourse.exploreCoursesPrompt"
    />
  </p>
  <Button
    as="a"
    href="course-search-url"
    variant="brand"
  >
    <FormattedMessage
      defaultMessage="Explore courses"
      description="Button to explore more courses"
      id="EmptyCourse.exploreCoursesButton"
    />
  </Button>
</div>
`;
