// Jest Snapshot v1, https://goo.gl/fbAQLP

exports[`ResumeButton snapshot renders default button when learner has access to the course 1`] = `
<Button
  as="a"
  disabled={false}
  href="resumeUrl"
>
  Resume
</Button>
`;
