// Jest Snapshot v1, https://goo.gl/fbAQLP

exports[`LearnerVariantDashboardHeader render 1`] = `
<Fragment>
  <ConfirmEmailBanner />
  <CollapsedHeader />
  <ExpandedHeader />
  <MasqueradeBar />
</Fragment>
`;
