// Jest Snapshot v1, https://goo.gl/fbAQLP

exports[`TwoUWidget tests TwoUWidget snapshot 1`] = `""`;
