// Jest Snapshot v1, https://goo.gl/fbAQLP

exports[`TwoUWidget LoadingView snapshot 1`] = `
<div
  className="loading-callouts-container"
>
  <h2
    className="skeleton-title-width"
  >
    <Component />
  </h2>
  <p>
    <Component />
  </p>
</div>
`;
