// Jest Snapshot v1, https://goo.gl/fbAQLP

exports[`ConfirmEmailBanner snapshot Show on unverified 1`] = `
<Fragment>
  <PageBanner
    dismissible={true}
    onDismiss={[MockFunction closePageBanner]}
    show={[MockFunction showPageBanner]}
  >
    Remember to confirm your email so that you can keep learning on edX! [object Object].
  </PageBanner>
  <MarketingModal
    footerNode={
      <Button
        className="mx-auto my-3"
        onClick={[MockFunction userConfirmEmailButtonClick]}
        variant="danger"
      >
        I've confirmed my email
      </Button>
    }
    hasCloseButton={false}
    heroNode={
      <ModalDialog.Hero
        className="bg-gray-300"
      >
        <img
          alt="confirm email background"
          className="m-auto"
          src="confirm-email.svg"
        />
      </ModalDialog.Hero>
    }
    isOpen={[MockFunction showConfirmModal]}
    onClose={[MockFunction closeConfirmModal]}
    title=""
  >
    <h1
      className="text-center p-3"
    >
      Confirm your email
    </h1>
    <p
      className="text-center"
    >
      We've sent you an email to verify your acccount. Please check your inbox and click on the big red button to confirm and keep learning.
    </p>
  </MarketingModal>
</Fragment>
`;

exports[`ConfirmEmailBanner snapshot do not show on already verified 1`] = `""`;
