// Jest Snapshot v1, https://goo.gl/fbAQLP

exports[`WidgetSidebar snapshots default 1`] = `
<div
  className="widget-sidebar px-2 mt-5 pt-3"
>
  <div
    className="d-flex"
  >
    <LookingForChallengeWidget />
  </div>
</div>
`;
