// Jest Snapshot v1, https://goo.gl/fbAQLP

exports[`App router component component initialize failure snapshot 1`] = `
<BrowserRouter>
  <HelmetWrapper
    defer={true}
    encodeSpecialCharacters={true}
  >
    <title>
      Learner Home
    </title>
  </HelmetWrapper>
  <div>
    <[object Object]>
      <LearnerDashboardHeader />
      <main>
        <Alert
          variant="danger"
        >
          <ErrorPage
            message="If you experience repeated failures, please email support at test-support-url"
          />
        </Alert>
      </main>
    </[object Object]>
    <Footer
      logo="fakeLogo.png"
    />
    <ZendeskFab />
  </div>
</BrowserRouter>
`;

exports[`App router component component no network failure snapshot 1`] = `
<BrowserRouter>
  <HelmetWrapper
    defer={true}
    encodeSpecialCharacters={true}
  >
    <title>
      Learner Home
    </title>
  </HelmetWrapper>
  <div>
    <[object Object]>
      <LearnerDashboardHeader />
      <main>
        <ExperimentProvider>
          <Dashboard />
        </ExperimentProvider>
      </main>
    </[object Object]>
    <Footer
      logo="fakeLogo.png"
    />
    <ZendeskFab />
  </div>
</BrowserRouter>
`;

exports[`App router component component refresh failure snapshot 1`] = `
<BrowserRouter>
  <HelmetWrapper
    defer={true}
    encodeSpecialCharacters={true}
  >
    <title>
      Learner Home
    </title>
  </HelmetWrapper>
  <div>
    <[object Object]>
      <LearnerDashboardHeader />
      <main>
        <Alert
          variant="danger"
        >
          <ErrorPage
            message="If you experience repeated failures, please email support at test-support-url"
          />
        </Alert>
      </main>
    </[object Object]>
    <Footer
      logo="fakeLogo.png"
    />
    <ZendeskFab />
  </div>
</BrowserRouter>
`;
